<testsuites id="" name="" tests="2" failures="0" skipped="0" errors="0" time="5.223899">
<testsuite name="tests/FooterTest.spec.ts" timestamp="2025-02-21T14:21:47.228Z" hostname="Google Chrome" tests="2" failures="0" skipped="0" time="4.517" errors="0">
<testcase name="Functional tests of footers buttons › Add edit and delete categories" classname="tests/FooterTest.spec.ts" time="2.369">
<system-out>
<![CDATA[
[[ATTACHMENT|test-results/tests-FooterTest-Functiona-5c5e2--edit-and-delete-categories-Google-Chrome/test-finished-1.png]]
]]>
</system-out>
</testcase>
<testcase name="Functional tests of footers buttons › Download note and validate" classname="tests/FooterTest.spec.ts" time="2.148">
<system-out>
<![CDATA[
[[ATTACHMENT|test-results/tests-FooterTest-Functiona-8433f--Download-note-and-validate-Google-Chrome/test-finished-1.png]]
]]>
</system-out>
</testcase>
</testsuite>
</testsuites>